hellocjs/loader:1310:10)
    at Module.load (node:internal/modules/cjs/loader:1119:32)
:960:12)
    at Module.require (node:internal/modules/cjs/loader:1143:19)
    at require (node:internal/modules/cjs/helpers:110:18)
    at Object.<anonymous> (C:\Users\win\Desktop\projects\node js learning\coll2.js:1:11)
    at Module._compile (node:internal/modules/cjs/loader:1256:14)
    at Module._extensions..js (node:internal/modules/cjs/loader:1310:10)

Node.js v18.17.0
PS C:\Users\win\Desktop\projects\node js learning> node coll2
C:\Users\win\Desktop\projects\node js learning\coll1.js:3
    ppl,ages
        ^

ReferenceError: ages is not defined
    at Object.<anonymous> (C:\Users\win\Desktop\projects\node js learning\coll1.js:3:9)
    at Module._compile (node:internal/modules/cjs/loader:1256:14)
    at Module._extensions..js (node:internal/modules/cjs/loader:1310:10)
    at Module.load (node:internal/modules/cjs/loader:1119:32)
:960:12)
    at Module.require (node:internal/modules/cjs/load    at require (node:internal/modules/cjs/helpers:110:18)
cts\node js learning\coll2.js:1:11)
    at Module._compile (node:internal/modules/cjs/loa    at Module._extensions..js (node:internal/modules/cjs/loader:1310:10)
Node.js v18.17.0
PS C:\Users\win\Desktop\projects\node js learning> no[ 'hjhjh', 'hh' ]
PS C:\Users\win\Desktop\projects\node js learning> no[ 'hjhjh', 'hh' ] 25
PS C:\Users\win\Desktop\projects\node js learning> no[ 'hjhjh', 'hh' ] 25
PS C:\Users\win\Desktop\projects\node js learning> no[Function: toString]
PS C:\Users\win\Desktop\projects\node js learning> noqhsdgujgduzed
PS C:\Users\win\Desktop\projects\node js learning> nowritten
PS C:\Users\win\Desktop\projects\node js learning> node files
done
PS C:\Users\win\Desktop\projects\node js learning> node files
done
PS C:\Users\win\Desktop\projects\node js learning> node files
done delete
PS C:\Users\win\Desktop\projects\node js learning> node files
done
PS C:\Users\win\Desktop\projects\node js learning> node files
done delete
PS C:\Users\win\Desktop\projects\node js learning>

cjs/loader:1310:10)
    at Module.load (node:internal/modules/cjs/loader:1119:32)
:960:12)
    at Module.require (node:internal/modules/cjs/loader:1143:19)
    at require (node:internal/modules/cjs/helpers:110:18)
    at Object.<anonymous> (C:\Users\win\Desktop\projects\node js learning\coll2.js:1:11)
    at Module._compile (node:internal/modules/cjs/loader:1256:14)
    at Module._extensions..js (node:internal/modules/cjs/loader:1310:10)

Node.js v18.17.0
PS C:\Users\win\Desktop\projects\node js learning> node coll2
C:\Users\win\Desktop\projects\node js learning\coll1.js:3
    ppl,ages
        ^

ReferenceError: ages is not defined
    at Object.<anonymous> (C:\Users\win\Desktop\projects\node js learning\coll1.js:3:9)
    at Module._compile (node:internal/modules/cjs/loader:1256:14)
    at Module._extensions..js (node:internal/modules/cjs/loader:1310:10)
    at Module.load (node:internal/modules/cjs/loader:1119:32)
:960:12)
    at Module.require (node:internal/modules/cjs/load    at require (node:internal/modules/cjs/helpers:110:18)
cts\node js learning\coll2.js:1:11)
    at Module._compile (node:internal/modules/cjs/loa    at Module._extensions..js (node:internal/modules/cjs/loader:1310:10)
Node.js v18.17.0
PS C:\Users\win\Desktop\projects\node js learning> no[ 'hjhjh', 'hh' ]
PS C:\Users\win\Desktop\projects\node js learning> no[ 'hjhjh', 'hh' ] 25
PS C:\Users\win\Desktop\projects\node js learning> no[ 'hjhjh', 'hh' ] 25
PS C:\Users\win\Desktop\projects\node js learning> no[Function: toString]
PS C:\Users\win\Desktop\projects\node js learning> noqhsdgujgduzed
PS C:\Users\win\Desktop\projects\node js learning> nowritten
PS C:\Users\win\Desktop\projects\node js learning> node files
done
PS C:\Users\win\Desktop\projects\node js learning> node files
done
PS C:\Users\win\Desktop\projects\node js learning> node files
done delete
PS C:\Users\win\Desktop\projects\node js learning> node files
done
PS C:\Users\win\Desktop\projects\node js learning> node files
done delete
PS C:\Users\win\Desktop\projects\node js learning>

cjs/loader:1310:10)
    at Module.load (node:internal/modules/cjs/loader:1119:32)
:960:12)
    at Module.require (node:internal/modules/cjs/loader:1143:19)
    at require (node:internal/modules/cjs/helpers:110:18)
    at Object.<anonymous> (C:\Users\win\Desktop\projects\node js learning\coll2.js:1:11)
    at Module._compile (node:internal/modules/cjs/loader:1256:14)
    at Module._extensions..js (node:internal/modules/cjs/loader:1310:10)

Node.js v18.17.0
PS C:\Users\win\Desktop\projects\node js learning> node coll2
C:\Users\win\Desktop\projects\node js learning\coll1.js:3
    ppl,ages
        ^

ReferenceError: ages is not defined
    at Object.<anonymous> (C:\Users\win\Desktop\projects\node js learning\coll1.js:3:9)
    at Module._compile (node:internal/modules/cjs/loader:1256:14)
    at Module._extensions..js (node:internal/modules/cjs/loader:1310:10)
    at Module.load (node:internal/modules/cjs/loader:1119:32)
:960:12)
    at Module.require (node:internal/modules/cjs/load    at require (node:internal/modules/cjs/helpers:110:18)
cts\node js learning\coll2.js:1:11)
    at Module._compile (node:internal/modules/cjs/loa    at Module._extensions..js (node:internal/modules/cjs/loader:1310:10)
Node.js v18.17.0
PS C:\Users\win\Desktop\projects\node js learning> no[ 'hjhjh', 'hh' ]
PS C:\Users\win\Desktop\projects\node js learning> no[ 'hjhjh', 'hh' ] 25
PS C:\Users\win\Desktop\projects\node js learning> no[ 'hjhjh', 'hh' ] 25
PS C:\Users\win\Desktop\projects\node js learning> no[Function: toString]
PS C:\Users\win\Desktop\projects\node js learning> noqhsdgujgduzed
PS C:\Users\win\Desktop\projects\node js learning> nowritten
PS C:\Users\win\Desktop\projects\node js learning> node files
done
PS C:\Users\win\Desktop\projects\node js learning> node files
done
PS C:\Users\win\Desktop\projects\node js learning> node files
done delete
PS C:\Users\win\Desktop\projects\node js learning> node files
done
PS C:\Users\win\Desktop\projects\node js learning> node files
done delete
PS C:\Users\win\Desktop\projects\node js learning>

cjs/loader:1310:10)
    at Module.load (node:internal/modules/cjs/loader:1119:32)
:960:12)
    at Module.require (node:internal/modules/cjs/loader:1143:19)
    at require (node:internal/modules/cjs/helpers:110:18)
    at Object.<anonymous> (C:\Users\win\Desktop\projects\node js learning\coll2.js:1:11)
    at Module._compile (node:internal/modules/cjs/loader:1256:14)
    at Module._extensions..js (node:internal/modules/cjs/loader:1310:10)

Node.js v18.17.0
PS C:\Users\win\Desktop\projects\node js learning> node coll2
C:\Users\win\Desktop\projects\node js learning\coll1.js:3
    ppl,ages
        ^

ReferenceError: ages is not defined
    at Object.<anonymous> (C:\Users\win\Desktop\projects\node js learning\coll1.js:3:9)
    at Module._compile (node:internal/modules/cjs/loader:1256:14)
    at Module._extensions..js (node:internal/modules/cjs/loader:1310:10)
    at Module.load (node:internal/modules/cjs/loader:1119:32)
:960:12)
    at Module.require (node:internal/modules/cjs/load    at require (node:internal/modules/cjs/helpers:110:18)
cts\node js learning\coll2.js:1:11)
    at Module._compile (node:internal/modules/cjs/loa    at Module._extensions..js (node:internal/modules/cjs/loader:1310:10)
Node.js v18.17.0
PS C:\Users\win\Desktop\projects\node js learning> no[ 'hjhjh', 'hh' ]
PS C:\Users\win\Desktop\projects\node js learning> no[ 'hjhjh', 'hh' ] 25
PS C:\Users\win\Desktop\projects\node js learning> no[ 'hjhjh', 'hh' ] 25
PS C:\Users\win\Desktop\projects\node js learning> no[Function: toString]
PS C:\Users\win\Desktop\projects\node js learning> noqhsdgujgduzed
PS C:\Users\win\Desktop\projects\node js learning> nowritten
PS C:\Users\win\Desktop\projects\node js learning> node files
done
PS C:\Users\win\Desktop\projects\node js learning> node files
done
PS C:\Users\win\Desktop\projects\node js learning> node files
done delete
PS C:\Users\win\Desktop\projects\node js learning> node files
done
PS C:\Users\win\Desktop\projects\node js learning> node files
done delete
PS C:\Users\win\Desktop\projects\node js learning>

cjs/loader:1310:10)
    at Module.load (node:internal/modules/cjs/loader:1119:32)
:960:12)
    at Module.require (node:internal/modules/cjs/loader:1143:19)
    at require (node:internal/modules/cjs/helpers:110:18)
    at Object.<anonymous> (C:\Users\win\Desktop\projects\node js learning\coll2.js:1:11)
    at Module._compile (node:internal/modules/cjs/loader:1256:14)
    at Module._extensions..js (node:internal/modules/cjs/loader:1310:10)

Node.js v18.17.0
PS C:\Users\win\Desktop\projects\node js learning> node coll2
C:\Users\win\Desktop\projects\node js learning\coll1.js:3
    ppl,ages
        ^

ReferenceError: ages is not defined
    at Object.<anonymous> (C:\Users\win\Desktop\projects\node js learning\coll1.js:3:9)
    at Module._compile (node:internal/modules/cjs/loader:1256:14)
    at Module._extensions..js (node:internal/modules/cjs/loader:1310:10)
    at Module.load (node:internal/modules/cjs/loader:1119:32)
:960:12)
    at Module.require (node:internal/modules/cjs/load    at require (node:internal/modules/cjs/helpers:110:18)
cts\node js learning\coll2.js:1:11)
    at Module._compile (node:internal/modules/cjs/loa    at Module._extensions..js (node:internal/modules/cjs/loader:1310:10)
Node.js v18.17.0
PS C:\Users\win\Desktop\projects\node js learning> no[ 'hjhjh', 'hh' ]
PS C:\Users\win\Desktop\projects\node js learning> no[ 'hjhjh', 'hh' ] 25
PS C:\Users\win\Desktop\projects\node js learning> no[ 'hjhjh', 'hh' ] 25
PS C:\Users\win\Desktop\projects\node js learning> no[Function: toString]
PS C:\Users\win\Desktop\projects\node js learning> noqhsdgujgduzed
PS C:\Users\win\Desktop\projects\node js learning> nowritten
PS C:\Users\win\Desktop\projects\node js learning> node files
done
PS C:\Users\win\Desktop\projects\node js learning> node files
done
PS C:\Users\win\Desktop\projects\node js learning> node files
done delete
PS C:\Users\win\Desktop\projects\node js learning> node files
done
PS C:\Users\win\Desktop\projects\node js learning> node files
done delete
PS C:\Users\win\Desktop\projects\node js learning>

cjs/loader:1310:10)
    at Module.load (node:internal/modules/cjs/loader:1119:32)
:960:12)
    at Module.require (node:internal/modules/cjs/loader:1143:19)
    at require (node:internal/modules/cjs/helpers:110:18)
    at Object.<anonymous> (C:\Users\win\Desktop\projects\node js learning\coll2.js:1:11)
    at Module._compile (node:internal/modules/cjs/loader:1256:14)
    at Module._extensions..js (node:internal/modules/cjs/loader:1310:10)

Node.js v18.17.0
PS C:\Users\win\Desktop\projects\node js learning> node coll2
C:\Users\win\Desktop\projects\node js learning\coll1.js:3
    ppl,ages
        ^

ReferenceError: ages is not defined
    at Object.<anonymous> (C:\Users\win\Desktop\projects\node js learning\coll1.js:3:9)
    at Module._compile (node:internal/modules/cjs/loader:1256:14)
    at Module._extensions..js (node:internal/modules/cjs/loader:1310:10)
    at Module.load (node:internal/modules/cjs/loader:1119:32)
:960:12)
    at Module.require (node:internal/modules/cjs/load    at require (node:internal/modules/cjs/helpers:110:18)
cts\node js learning\coll2.js:1:11)
    at Module._compile (node:internal/modules/cjs/loa    at Module._extensions..js (node:internal/modules/cjs/loader:1310:10)
Node.js v18.17.0
PS C:\Users\win\Desktop\projects\node js learning> no[ 'hjhjh', 'hh' ]
PS C:\Users\win\Desktop\projects\node js learning> no[ 'hjhjh', 'hh' ] 25
PS C:\Users\win\Desktop\projects\node js learning> no[ 'hjhjh', 'hh' ] 25
PS C:\Users\win\Desktop\projects\node js learning> no[Function: toString]
PS C:\Users\win\Desktop\projects\node js learning> noqhsdgujgduzed
PS C:\Users\win\Desktop\projects\node js learning> nowritten
PS C:\Users\win\Desktop\projects\node js learning> node files
done
PS C:\Users\win\Desktop\projects\node js learning> node files
done
PS C:\Users\win\Desktop\projects\node js learning> node files
done delete
PS C:\Users\win\Desktop\projects\node js learning> node files
done
PS C:\Users\win\Desktop\projects\node js learning> node files
done delete
PS C:\Users\win\Desktop\projects\node js learning>

cjs/loader:1310:10)
    at Module.load (node:internal/modules/cjs/loader:1119:32)
:960:12)
    at Module.require (node:internal/modules/cjs/loader:1143:19)
    at require (node:internal/modules/cjs/helpers:110:18)
    at Object.<anonymous> (C:\Users\win\Desktop\projects\node js learning\coll2.js:1:11)
    at Module._compile (node:internal/modules/cjs/loader:1256:14)
    at Module._extensions..js (node:internal/modules/cjs/loader:1310:10)

Node.js v18.17.0
PS C:\Users\win\Desktop\projects\node js learning> node coll2
C:\Users\win\Desktop\projects\node js learning\coll1.js:3
    ppl,ages
        ^

ReferenceError: ages is not defined
    at Object.<anonymous> (C:\Users\win\Desktop\projects\node js learning\coll1.js:3:9)
    at Module._compile (node:internal/modules/cjs/loader:1256:14)
    at Module._extensions..js (node:internal/modules/cjs/loader:1310:10)
    at Module.load (node:internal/modules/cjs/loader:1119:32)
:960:12)
    at Module.require (node:internal/modules/cjs/load    at require (node:internal/modules/cjs/helpers:110:18)
cts\node js learning\coll2.js:1:11)
    at Module._compile (node:internal/modules/cjs/loa    at Module._extensions..js (node:internal/modules/cjs/loader:1310:10)
Node.js v18.17.0
PS C:\Users\win\Desktop\projects\node js learning> no[ 'hjhjh', 'hh' ]
PS C:\Users\win\Desktop\projects\node js learning> no[ 'hjhjh', 'hh' ] 25
PS C:\Users\win\Desktop\projects\node js learning> no[ 'hjhjh', 'hh' ] 25
PS C:\Users\win\Desktop\projects\node js learning> no[Function: toString]
PS C:\Users\win\Desktop\projects\node js learning> noqhsdgujgduzed
PS C:\Users\win\Desktop\projects\node js learning> nowritten
PS C:\Users\win\Desktop\projects\node js learning> node files
done
PS C:\Users\win\Desktop\projects\node js learning> node files
done
PS C:\Users\win\Desktop\projects\node js learning> node files
done delete
PS C:\Users\win\Desktop\projects\node js learning> node files
done
PS C:\Users\win\Desktop\projects\node js learning> node files
done delete
PS C:\Users\win\Desktop\projects\node js learning>

cjs/loader:1310:10)
    at Module.load (node:internal/modules/cjs/loader:1119:32)
:960:12)
    at Module.require (node:internal/modules/cjs/loader:1143:19)
    at require (node:internal/modules/cjs/helpers:110:18)
    at Object.<anonymous> (C:\Users\win\Desktop\projects\node js learning\coll2.js:1:11)
    at Module._compile (node:internal/modules/cjs/loader:1256:14)
    at Module._extensions..js (node:internal/modules/cjs/loader:1310:10)

Node.js v18.17.0
PS C:\Users\win\Desktop\projects\node js learning> node coll2
C:\Users\win\Desktop\projects\node js learning\coll1.js:3
    ppl,ages
        ^

ReferenceError: ages is not defined
    at Object.<anonymous> (C:\Users\win\Desktop\projects\node js learning\coll1.js:3:9)
    at Module._compile (node:internal/modules/cjs/loader:1256:14)
    at Module._extensions..js (node:internal/modules/cjs/loader:1310:10)
    at Module.load (node:internal/modules/cjs/loader:1119:32)
:960:12)
    at Module.require (node:internal/modules/cjs/load    at require (node:internal/modules/cjs/helpers:110:18)
cts\node js learning\coll2.js:1:11)
    at Module._compile (node:internal/modules/cjs/loa    at Module._extensions..js (node:internal/modules/cjs/loader:1310:10)
Node.js v18.17.0
PS C:\Users\win\Desktop\projects\node js learning> no[ 'hjhjh', 'hh' ]
PS C:\Users\win\Desktop\projects\node js learning> no[ 'hjhjh', 'hh' ] 25
PS C:\Users\win\Desktop\projects\node js learning> no[ 'hjhjh', 'hh' ] 25
PS C:\Users\win\Desktop\projects\node js learning> no[Function: toString]
PS C:\Users\win\Desktop\projects\node js learning> noqhsdgujgduzed
PS C:\Users\win\Desktop\projects\node js learning> nowritten
PS C:\Users\win\Desktop\projects\node js learning> node files
done
PS C:\Users\win\Desktop\projects\node js learning> node files
done
PS C:\Users\win\Desktop\projects\node js learning> node files
done delete
PS C:\Users\win\Desktop\projects\node js learning> node files
done
PS C:\Users\win\Desktop\projects\node js learning> node files
done delete
PS C:\Users\win\Desktop\projects\node js learning>

cjs/loader:1310:10)
    at Module.load (node:internal/modules/cjs/loader:1119:32)
:960:12)
    at Module.require (node:internal/modules/cjs/loader:1143:19)
    at require (node:internal/modules/cjs/helpers:110:18)
    at Object.<anonymous> (C:\Users\win\Desktop\projects\node js learning\coll2.js:1:11)
    at Module._compile (node:internal/modules/cjs/loader:1256:14)
    at Module._extensions..js (node:internal/modules/cjs/loader:1310:10)

Node.js v18.17.0
PS C:\Users\win\Desktop\projects\node js learning> node coll2
C:\Users\win\Desktop\projects\node js learning\coll1.js:3
    ppl,ages
        ^

ReferenceError: ages is not defined
    at Object.<anonymous> (C:\Users\win\Desktop\projects\node js learning\coll1.js:3:9)
    at Module._compile (node:internal/modules/cjs/loader:1256:14)
    at Module._extensions..js (node:internal/modules/cjs/loader:1310:10)
    at Module.load (node:internal/modules/cjs/loader:1119:32)
:960:12)
    at Module.require (node:internal/modules/cjs/load    at require (node:internal/modules/cjs/helpers:110:18)
cts\node js learning\coll2.js:1:11)
    at Module._compile (node:internal/modules/cjs/loa    at Module._extensions..js (node:internal/modules/cjs/loader:1310:10)
Node.js v18.17.0
PS C:\Users\win\Desktop\projects\node js learning> no[ 'hjhjh', 'hh' ]
PS C:\Users\win\Desktop\projects\node js learning> no[ 'hjhjh', 'hh' ] 25
PS C:\Users\win\Desktop\projects\node js learning> no[ 'hjhjh', 'hh' ] 25
PS C:\Users\win\Desktop\projects\node js learning> no[Function: toString]
PS C:\Users\win\Desktop\projects\node js learning> noqhsdgujgduzed
PS C:\Users\win\Desktop\projects\node js learning> nowritten
PS C:\Users\win\Desktop\projects\node js learning> node files
done
PS C:\Users\win\Desktop\projects\node js learning> node files
done
PS C:\Users\win\Desktop\projects\node js learning> node files
done delete
PS C:\Users\win\Desktop\projects\node js learning> node files
done
PS C:\Users\win\Desktop\projects\node js learning> node files
done delete
PS C:\Users\win\Desktop\projects\node js learning>

cjs/loader:1310:10)
    at Module.load (node:internal/modules/cjs/loader:1119:32)
:960:12)
    at Module.require (node:internal/modules/cjs/loader:1143:19)
    at require (node:internal/modules/cjs/helpers:110:18)
    at Object.<anonymous> (C:\Users\win\Desktop\projects\node js learning\coll2.js:1:11)
    at Module._compile (node:internal/modules/cjs/loader:1256:14)
    at Module._extensions..js (node:internal/modules/cjs/loader:1310:10)

Node.js v18.17.0
PS C:\Users\win\Desktop\projects\node js learning> node coll2
C:\Users\win\Desktop\projects\node js learning\coll1.js:3
    ppl,ages
        ^

ReferenceError: ages is not defined
    at Object.<anonymous> (C:\Users\win\Desktop\projects\node js learning\coll1.js:3:9)
    at Module._compile (node:internal/modules/cjs/loader:1256:14)
    at Module._extensions..js (node:internal/modules/cjs/loader:1310:10)
    at Module.load (node:internal/modules/cjs/loader:1119:32)
:960:12)
    at Module.require (node:internal/modules/cjs/load    at require (node:internal/modules/cjs/helpers:110:18)
cts\node js learning\coll2.js:1:11)
    at Module._compile (node:internal/modules/cjs/loa    at Module._extensions..js (node:internal/modules/cjs/loader:1310:10)
Node.js v18.17.0
PS C:\Users\win\Desktop\projects\node js learning> no[ 'hjhjh', 'hh' ]
PS C:\Users\win\Desktop\projects\node js learning> no[ 'hjhjh', 'hh' ] 25
PS C:\Users\win\Desktop\projects\node js learning> no[ 'hjhjh', 'hh' ] 25
PS C:\Users\win\Desktop\projects\node js learning> no[Function: toString]
PS C:\Users\win\Desktop\projects\node js learning> noqhsdgujgduzed
PS C:\Users\win\Desktop\projects\node js learning> nowritten
PS C:\Users\win\Desktop\projects\node js learning> node files
done
PS C:\Users\win\Desktop\projects\node js learning> node files
done
PS C:\Users\win\Desktop\projects\node js learning> node files
done delete
PS C:\Users\win\Desktop\projects\node js learning> node files
done
PS C:\Users\win\Desktop\projects\node js learning> node files
done delete
PS C:\Users\win\Desktop\projects\node js learning>

cjs/loader:1310:10)
    at Module.load (node:internal/modules/cjs/loader:1119:32)
:960:12)
    at Module.require (node:internal/modules/cjs/loader:1143:19)
    at require (node:internal/modules/cjs/helpers:110:18)
    at Object.<anonymous> (C:\Users\win\Desktop\projects\node js learning\coll2.js:1:11)
    at Module._compile (node:internal/modules/cjs/loader:1256:14)
    at Module._extensions..js (node:internal/modules/cjs/loader:1310:10)

Node.js v18.17.0
PS C:\Users\win\Desktop\projects\node js learning> node coll2
C:\Users\win\Desktop\projects\node js learning\coll1.js:3
    ppl,ages
        ^

ReferenceError: ages is not defined
    at Object.<anonymous> (C:\Users\win\Desktop\projects\node js learning\coll1.js:3:9)
    at Module._compile (node:internal/modules/cjs/loader:1256:14)
    at Module._extensions..js (node:internal/modules/cjs/loader:1310:10)
    at Module.load (node:internal/modules/cjs/loader:1119:32)
:960:12)
    at Module.require (node:internal/modules/cjs/load    at require (node:internal/modules/cjs/helpers:110:18)
cts\node js learning\coll2.js:1:11)
    at Module._compile (node:internal/modules/cjs/loa    at Module._extensions..js (node:internal/modules/cjs/loader:1310:10)
Node.js v18.17.0
PS C:\Users\win\Desktop\projects\node js learning> no[ 'hjhjh', 'hh' ]
PS C:\Users\win\Desktop\projects\node js learning> no[ 'hjhjh', 'hh' ] 25
PS C:\Users\win\Desktop\projects\node js learning> no[ 'hjhjh', 'hh' ] 25
PS C:\Users\win\Desktop\projects\node js learning> no[Function: toString]
PS C:\Users\win\Desktop\projects\node js learning> noqhsdgujgduzed
PS C:\Users\win\Desktop\projects\node js learning> nowritten
PS C:\Users\win\Desktop\projects\node js learning> node files
done
PS C:\Users\win\Desktop\projects\node js learning> node files
done
PS C:\Users\win\Desktop\projects\node js learning> node files
done delete
PS C:\Users\win\Desktop\projects\node js learning> node files
done
PS C:\Users\win\Desktop\projects\node js learning> node files
done delete
PS C:\Users\win\Desktop\projects\node js learning>

cjs/loader:1310:10)
    at Module.load (node:internal/modules/cjs/loader:1119:32)
:960:12)
    at Module.require (node:internal/modules/cjs/loader:1143:19)
    at require (node:internal/modules/cjs/helpers:110:18)
    at Object.<anonymous> (C:\Users\win\Desktop\projects\node js learning\coll2.js:1:11)
    at Module._compile (node:internal/modules/cjs/loader:1256:14)
    at Module._extensions..js (node:internal/modules/cjs/loader:1310:10)

Node.js v18.17.0
PS C:\Users\win\Desktop\projects\node js learning> node coll2
C:\Users\win\Desktop\projects\node js learning\coll1.js:3
    ppl,ages
        ^

ReferenceError: ages is not defined
    at Object.<anonymous> (C:\Users\win\Desktop\projects\node js learning\coll1.js:3:9)
    at Module._compile (node:internal/modules/cjs/loader:1256:14)
    at Module._extensions..js (node:internal/modules/cjs/loader:1310:10)
    at Module.load (node:internal/modules/cjs/loader:1119:32)
:960:12)
    at Module.require (node:internal/modules/cjs/load    at require (node:internal/modules/cjs/helpers:110:18)
cts\node js learning\coll2.js:1:11)
    at Module._compile (node:internal/modules/cjs/loa    at Module._extensions..js (node:internal/modules/cjs/loader:1310:10)
Node.js v18.17.0
PS C:\Users\win\Desktop\projects\node js learning> no[ 'hjhjh', 'hh' ]
PS C:\Users\win\Desktop\projects\node js learning> no[ 'hjhjh', 'hh' ] 25
PS C:\Users\win\Desktop\projects\node js learning> no[ 'hjhjh', 'hh' ] 25
PS C:\Users\win\Desktop\projects\node js learning> no[Function: toString]
PS C:\Users\win\Desktop\projects\node js learning> noqhsdgujgduzed
PS C:\Users\win\Desktop\projects\node js learning> nowritten
PS C:\Users\win\Desktop\projects\node js learning> node files
done
PS C:\Users\win\Desktop\projects\node js learning> node files
done
PS C:\Users\win\Desktop\projects\node js learning> node files
done delete
PS C:\Users\win\Desktop\projects\node js learning> node files
done
PS C:\Users\win\Desktop\projects\node js learning> node files
done delete
PS C:\Users\win\Desktop\projects\node js learning>

cjs/loader:1310:10)
    at Module.load (node:internal/modules/cjs/loader:1119:32)
:960:12)
    at Module.require (node:internal/modules/cjs/loader:1143:19)
    at require (node:internal/modules/cjs/helpers:110:18)
    at Object.<anonymous> (C:\Users\win\Desktop\projects\node js learning\coll2.js:1:11)
    at Module._compile (node:internal/modules/cjs/loader:1256:14)
    at Module._extensions..js (node:internal/modules/cjs/loader:1310:10)

Node.js v18.17.0
PS C:\Users\win\Desktop\projects\node js learning> node coll2
C:\Users\win\Desktop\projects\node js learning\coll1.js:3
    ppl,ages
        ^

ReferenceError: ages is not defined
    at Object.<anonymous> (C:\Users\win\Desktop\projects\node js learning\coll1.js:3:9)
    at Module._compile (node:internal/modules/cjs/loader:1256:14)
    at Module._extensions..js (node:internal/modules/cjs/loader:1310:10)
    at Module.load (node:internal/modules/cjs/loader:1119:32)
:960:12)
    at Module.require (node:internal/modules/cjs/load    at require (node:internal/modules/cjs/helpers:110:18)
cts\node js learning\coll2.js:1:11)
    at Module._compile (node:internal/modules/cjs/loa    at Module._extensions..js (node:internal/modules/cjs/loader:1310:10)
Node.js v18.17.0
PS C:\Users\win\Desktop\projects\node js learning> no[ 'hjhjh', 'hh' ]
PS C:\Users\win\Desktop\projects\node js learning> no[ 'hjhjh', 'hh' ] 25
PS C:\Users\win\Desktop\projects\node js learning> no[ 'hjhjh', 'hh' ] 25
PS C:\Users\win\Desktop\projects\node js learning> no[Function: toString]
PS C:\Users\win\Desktop\projects\node js learning> noqhsdgujgduzed
PS C:\Users\win\Desktop\projects\node js learning> nowritten
PS C:\Users\win\Desktop\projects\node js learning> node files
done
PS C:\Users\win\Desktop\projects\node js learning> node files
done
PS C:\Users\win\Desktop\projects\node js learning> node files
done delete
PS C:\Users\win\Desktop\projects\node js learning> node files
done
PS C:\Users\win\Desktop\projects\node js learning> node files
done delete
PS C:\Users\win\Desktop\projects\node js learning>

cjs/loader:1310:10)
    at Module.load (node:internal/modules/cjs/loader:1119:32)
:960:12)
    at Module.require (node:internal/modules/cjs/loader:1143:19)
    at require (node:internal/modules/cjs/helpers:110:18)
    at Object.<anonymous> (C:\Users\win\Desktop\projects\node js learning\coll2.js:1:11)
    at Module._compile (node:internal/modules/cjs/loader:1256:14)
    at Module._extensions..js (node:internal/modules/cjs/loader:1310:10)

Node.js v18.17.0
PS C:\Users\win\Desktop\projects\node js learning> node coll2
C:\Users\win\Desktop\projects\node js learning\coll1.js:3
    ppl,ages
        ^

ReferenceError: ages is not defined
    at Object.<anonymous> (C:\Users\win\Desktop\projects\node js learning\coll1.js:3:9)
    at Module._compile (node:internal/modules/cjs/loader:1256:14)
    at Module._extensions..js (node:internal/modules/cjs/loader:1310:10)
    at Module.load (node:internal/modules/cjs/loader:1119:32)
:960:12)
    at Module.require (node:internal/modules/cjs/load    at require (node:internal/modules/cjs/helpers:110:18)
cts\node js learning\coll2.js:1:11)
    at Module._compile (node:internal/modules/cjs/loa    at Module._extensions..js (node:internal/modules/cjs/loader:1310:10)
Node.js v18.17.0
PS C:\Users\win\Desktop\projects\node js learning> no[ 'hjhjh', 'hh' ]
PS C:\Users\win\Desktop\projects\node js learning> no[ 'hjhjh', 'hh' ] 25
PS C:\Users\win\Desktop\projects\node js learning> no[ 'hjhjh', 'hh' ] 25
PS C:\Users\win\Desktop\projects\node js learning> no[Function: toString]
PS C:\Users\win\Desktop\projects\node js learning> noqhsdgujgduzed
PS C:\Users\win\Desktop\projects\node js learning> nowritten
PS C:\Users\win\Desktop\projects\node js learning> node files
done
PS C:\Users\win\Desktop\projects\node js learning> node files
done
PS C:\Users\win\Desktop\projects\node js learning> node files
done delete
PS C:\Users\win\Desktop\projects\node js learning> node files
done
PS C:\Users\win\Desktop\projects\node js learning> node files
done delete
PS C:\Users\win\Desktop\projects\node js learning>

cjs/loader:1310:10)
    at Module.load (node:internal/modules/cjs/loader:1119:32)
:960:12)
    at Module.require (node:internal/modules/cjs/loader:1143:19)
    at require (node:internal/modules/cjs/helpers:110:18)
    at Object.<anonymous> (C:\Users\win\Desktop\projects\node js learning\coll2.js:1:11)
    at Module._compile (node:internal/modules/cjs/loader:1256:14)
    at Module._extensions..js (node:internal/modules/cjs/loader:1310:10)

Node.js v18.17.0
PS C:\Users\win\Desktop\projects\node js learning> node coll2
C:\Users\win\Desktop\projects\node js learning\coll1.js:3
    ppl,ages
        ^

ReferenceError: ages is not defined
    at Object.<anonymous> (C:\Users\win\Desktop\projects\node js learning\coll1.js:3:9)
    at Module._compile (node:internal/modules/cjs/loader:1256:14)
    at Module._extensions..js (node:internal/modules/cjs/loader:1310:10)
    at Module.load (node:internal/modules/cjs/loader:1119:32)
:960:12)
    at Module.require (node:internal/modules/cjs/load    at require (node:internal/modules/cjs/helpers:110:18)
cts\node js learning\coll2.js:1:11)
    at Module._compile (node:internal/modules/cjs/loa    at Module._extensions..js (node:internal/modules/cjs/loader:1310:10)
Node.js v18.17.0
PS C:\Users\win\Desktop\projects\node js learning> no[ 'hjhjh', 'hh' ]
PS C:\Users\win\Desktop\projects\node js learning> no[ 'hjhjh', 'hh' ] 25
PS C:\Users\win\Desktop\projects\node js learning> no[ 'hjhjh', 'hh' ] 25
PS C:\Users\win\Desktop\projects\node js learning> no[Function: toString]
PS C:\Users\win\Desktop\projects\node js learning> noqhsdgujgduzed
PS C:\Users\win\Desktop\projects\node js learning> nowritten
PS C:\Users\win\Desktop\projects\node js learning> node files
done
PS C:\Users\win\Desktop\projects\node js learning> node files
done
PS C:\Users\win\Desktop\projects\node js learning> node files
done delete
PS C:\Users\win\Desktop\projects\node js learning> node files
done
PS C:\Users\win\Desktop\projects\node js learning> node files
done delete
PS C:\Users\win\Desktop\projects\node js learning>

cjs/loader:1310:10)
    at Module.load (node:internal/modules/cjs/loader:1119:32)
:960:12)
    at Module.require (node:internal/modules/cjs/loader:1143:19)
    at require (node:internal/modules/cjs/helpers:110:18)
    at Object.<anonymous> (C:\Users\win\Desktop\projects\node js learning\coll2.js:1:11)
    at Module._compile (node:internal/modules/cjs/loader:1256:14)
    at Module._extensions..js (node:internal/modules/cjs/loader:1310:10)

Node.js v18.17.0
PS C:\Users\win\Desktop\projects\node js learning> node coll2
C:\Users\win\Desktop\projects\node js learning\coll1.js:3
    ppl,ages
        ^

ReferenceError: ages is not defined
    at Object.<anonymous> (C:\Users\win\Desktop\projects\node js learning\coll1.js:3:9)
    at Module._compile (node:internal/modules/cjs/loader:1256:14)
    at Module._extensions..js (node:internal/modules/cjs/loader:1310:10)
    at Module.load (node:internal/modules/cjs/loader:1119:32)
:960:12)
    at Module.require (node:internal/modules/cjs/load    at require (node:internal/modules/cjs/helpers:110:18)
cts\node js learning\coll2.js:1:11)
    at Module._compile (node:internal/modules/cjs/loa    at Module._extensions..js (node:internal/modules/cjs/loader:1310:10)
Node.js v18.17.0
PS C:\Users\win\Desktop\projects\node js learning> no[ 'hjhjh', 'hh' ]
PS C:\Users\win\Desktop\projects\node js learning> no[ 'hjhjh', 'hh' ] 25
PS C:\Users\win\Desktop\projects\node js learning> no[ 'hjhjh', 'hh' ] 25
PS C:\Users\win\Desktop\projects\node js learning> no[Function: toString]
PS C:\Users\win\Desktop\projects\node js learning> noqhsdgujgduzed
PS C:\Users\win\Desktop\projects\node js learning> nowritten
PS C:\Users\win\Desktop\projects\node js learning> node files
done
PS C:\Users\win\Desktop\projects\node js learning> node files
done
PS C:\Users\win\Desktop\projects\node js learning> node files
done delete
PS C:\Users\win\Desktop\projects\node js learning> node files
done
PS C:\Users\win\Desktop\projects\node js learning> node files
done delete
PS C:\Users\win\Desktop\projects\node js learning>

cjs/loader:1310:10)
    at Module.load (node:internal/modules/cjs/loader:1119:32)
:960:12)
    at Module.require (node:internal/modules/cjs/loader:1143:19)
    at require (node:internal/modules/cjs/helpers:110:18)
    at Object.<anonymous> (C:\Users\win\Desktop\projects\node js learning\coll2.js:1:11)
    at Module._compile (node:internal/modules/cjs/loader:1256:14)
    at Module._extensions..js (node:internal/modules/cjs/loader:1310:10)

Node.js v18.17.0
PS C:\Users\win\Desktop\projects\node js learning> node coll2
C:\Users\win\Desktop\projects\node js learning\coll1.js:3
    ppl,ages
        ^

ReferenceError: ages is not defined
    at Object.<anonymous> (C:\Users\win\Desktop\projects\node js learning\coll1.js:3:9)
    at Module._compile (node:internal/modules/cjs/loader:1256:14)
    at Module._extensions..js (node:internal/modules/cjs/loader:1310:10)
    at Module.load (node:internal/modules/cjs/loader:1119:32)
:960:12)
    at Module.require (node:internal/modules/cjs/load    at require (node:internal/modules/cjs/helpers:110:18)
cts\node js learning\coll2.js:1:11)
    at Module._compile (node:internal/modules/cjs/loa    at Module._extensions..js (node:internal/modules/cjs/loader:1310:10)
Node.js v18.17.0
PS C:\Users\win\Desktop\projects\node js learning> no[ 'hjhjh', 'hh' ]
PS C:\Users\win\Desktop\projects\node js learning> no[ 'hjhjh', 'hh' ] 25
PS C:\Users\win\Desktop\projects\node js learning> no[ 'hjhjh', 'hh' ] 25
PS C:\Users\win\Desktop\projects\node js learning> no[Function: toString]
PS C:\Users\win\Desktop\projects\node js learning> noqhsdgujgduzed
PS C:\Users\win\Desktop\projects\node js learning> nowritten
PS C:\Users\win\Desktop\projects\node js learning> node files
done
PS C:\Users\win\Desktop\projects\node js learning> node files
done
PS C:\Users\win\Desktop\projects\node js learning> node files
done delete
PS C:\Users\win\Desktop\projects\node js learning> node files
done
PS C:\Users\win\Desktop\projects\node js learning> node files
done delete
PS C:\Users\win\Desktop\projects\node js learning>

cjs/loader:1310:10)
    at Module.load (node:internal/modules/cjs/loader:1119:32)
:960:12)
    at Module.require (node:internal/modules/cjs/loader:1143:19)
    at require (node:internal/modules/cjs/helpers:110:18)
    at Object.<anonymous> (C:\Users\win\Desktop\projects\node js learning\coll2.js:1:11)
    at Module._compile (node:internal/modules/cjs/loader:1256:14)
    at Module._extensions..js (node:internal/modules/cjs/loader:1310:10)

Node.js v18.17.0
PS C:\Users\win\Desktop\projects\node js learning> node coll2
C:\Users\win\Desktop\projects\node js learning\coll1.js:3
    ppl,ages
        ^

ReferenceError: ages is not defined
    at Object.<anonymous> (C:\Users\win\Desktop\projects\node js learning\coll1.js:3:9)
    at Module._compile (node:internal/modules/cjs/loader:1256:14)
    at Module._extensions..js (node:internal/modules/cjs/loader:1310:10)
    at Module.load (node:internal/modules/cjs/loader:1119:32)
:960:12)
    at Module.require (node:internal/modules/cjs/load    at require (node:internal/modules/cjs/helpers:110:18)
cts\node js learning\coll2.js:1:11)
    at Module._compile (node:internal/modules/cjs/loa    at Module._extensions..js (node:internal/modules/cjs/loader:1310:10)
Node.js v18.17.0
PS C:\Users\win\Desktop\projects\node js learning> no[ 'hjhjh', 'hh' ]
PS C:\Users\win\Desktop\projects\node js learning> no[ 'hjhjh', 'hh' ] 25
PS C:\Users\win\Desktop\projects\node js learning> no[ 'hjhjh', 'hh' ] 25
PS C:\Users\win\Desktop\projects\node js learning> no[Function: toString]
PS C:\Users\win\Desktop\projects\node js learning> noqhsdgujgduzed
PS C:\Users\win\Desktop\projects\node js learning> nowritten
PS C:\Users\win\Desktop\projects\node js learning> node files
done
PS C:\Users\win\Desktop\projects\node js learning> node files
done
PS C:\Users\win\Desktop\projects\node js learning> node files
done delete
PS C:\Users\win\Desktop\projects\node js learning> node files
done
PS C:\Users\win\Desktop\projects\node js learning> node files
done delete
PS C:\Users\win\Desktop\projects\node js learning>

cjs/loader:1310:10)
    at Module.load (node:internal/modules/cjs/loader:1119:32)
:960:12)
    at Module.require (node:internal/modules/cjs/loader:1143:19)
    at require (node:internal/modules/cjs/helpers:110:18)
    at Object.<anonymous> (C:\Users\win\Desktop\projects\node js learning\coll2.js:1:11)
    at Module._compile (node:internal/modules/cjs/loader:1256:14)
    at Module._extensions..js (node:internal/modules/cjs/loader:1310:10)

Node.js v18.17.0
PS C:\Users\win\Desktop\projects\node js learning> node coll2
C:\Users\win\Desktop\projects\node js learning\coll1.js:3
    ppl,ages
        ^

ReferenceError: ages is not defined
    at Object.<anonymous> (C:\Users\win\Desktop\projects\node js learning\coll1.js:3:9)
    at Module._compile (node:internal/modules/cjs/loader:1256:14)
    at Module._extensions..js (node:internal/modules/cjs/loader:1310:10)
    at Module.load (node:internal/modules/cjs/loader:1119:32)
:960:12)
    at Module.require (node:internal/modules/cjs/load    at require (node:internal/modules/cjs/helpers:110:18)
cts\node js learning\coll2.js:1:11)
    at Module._compile (node:internal/modules/cjs/loa    at Module._extensions..js (node:internal/modules/cjs/loader:1310:10)
Node.js v18.17.0
PS C:\Users\win\Desktop\projects\node js learning> no[ 'hjhjh', 'hh' ]
PS C:\Users\win\Desktop\projects\node js learning> no[ 'hjhjh', 'hh' ] 25
PS C:\Users\win\Desktop\projects\node js learning> no[ 'hjhjh', 'hh' ] 25
PS C:\Users\win\Desktop\projects\node js learning> no[Function: toString]
PS C:\Users\win\Desktop\projects\node js learning> noqhsdgujgduzed
PS C:\Users\win\Desktop\projects\node js learning> nowritten
PS C:\Users\win\Desktop\projects\node js learning> node files
done
PS C:\Users\win\Desktop\projects\node js learning> node files
done
PS C:\Users\win\Desktop\projects\node js learning> node files
done delete
PS C:\Users\win\Desktop\projects\node js learning> node files
done
PS C:\Users\win\Desktop\projects\node js learning> node files
done delete
PS C:\Users\win\Desktop\projects\node js learning>

cjs/loader:1310:10)
    at Module.load (node:internal/modules/cjs/loader:1119:32)
:960:12)
    at Module.require (node:internal/modules/cjs/loader:1143:19)
    at require (node:internal/modules/cjs/helpers:110:18)
    at Object.<anonymous> (C:\Users\win\Desktop\projects\node js learning\coll2.js:1:11)
    at Module._compile (node:internal/modules/cjs/loader:1256:14)
    at Module._extensions..js (node:internal/modules/cjs/loader:1310:10)

Node.js v18.17.0
PS C:\Users\win\Desktop\projects\node js learning> node coll2
C:\Users\win\Desktop\projects\node js learning\coll1.js:3
    ppl,ages
        ^

ReferenceError: ages is not defined
    at Object.<anonymous> (C:\Users\win\Desktop\projects\node js learning\coll1.js:3:9)
    at Module._compile (node:internal/modules/cjs/loader:1256:14)
    at Module._extensions..js (node:internal/modules/cjs/loader:1310:10)
    at Module.load (node:internal/modules/cjs/loader:1119:32)
:960:12)
    at Module.require (node:internal/modules/cjs/load    at require (node:internal/modules/cjs/helpers:110:18)
cts\node js learning\coll2.js:1:11)
    at Module._compile (node:internal/modules/cjs/loa    at Module._extensions..js (node:internal/modules/cjs/loader:1310:10)
Node.js v18.17.0
PS C:\Users\win\Desktop\projects\node js learning> no[ 'hjhjh', 'hh' ]
PS C:\Users\win\Desktop\projects\node js learning> no[ 'hjhjh', 'hh' ] 25
PS C:\Users\win\Desktop\projects\node js learning> no[ 'hjhjh', 'hh' ] 25
PS C:\Users\win\Desktop\projects\node js learning> no[Function: toString]
PS C:\Users\win\Desktop\projects\node js learning> noqhsdgujgduzed
PS C:\Users\win\Desktop\projects\node js learning> nowritten
PS C:\Users\win\Desktop\projects\node js learning> node files
done
PS C:\Users\win\Desktop\projects\node js learning> node files
done
PS C:\Users\win\Desktop\projects\node js learning> node files
done delete
PS C:\Users\win\Desktop\projects\node js learning> node files
done
PS C:\Users\win\Desktop\projects\node js learning> node files
done delete
PS C:\Users\win\Desktop\projects\node js learning>

cjs/loader:1310:10)
    at Module.load (node:internal/modules/cjs/loader:1119:32)
:960:12)
    at Module.require (node:internal/modules/cjs/loader:1143:19)
    at require (node:internal/modules/cjs/helpers:110:18)
    at Object.<anonymous> (C:\Users\win\Desktop\projects\node js learning\coll2.js:1:11)
    at Module._compile (node:internal/modules/cjs/loader:1256:14)
    at Module._extensions..js (node:internal/modules/cjs/loader:1310:10)

Node.js v18.17.0
PS C:\Users\win\Desktop\projects\node js learning> node coll2
C:\Users\win\Desktop\projects\node js learning\coll1.js:3
    ppl,ages
        ^

ReferenceError: ages is not defined
    at Object.<anonymous> (C:\Users\win\Desktop\projects\node js learning\coll1.js:3:9)
    at Module._compile (node:internal/modules/cjs/loader:1256:14)
    at Module._extensions..js (node:internal/modules/cjs/loader:1310:10)
    at Module.load (node:internal/modules/cjs/loader:1119:32)
:960:12)
    at Module.require (node:internal/modules/cjs/load    at require (node:internal/modules/cjs/helpers:110:18)
cts\node js learning\coll2.js:1:11)
    at Module._compile (node:internal/modules/cjs/loa    at Module._extensions..js (node:internal/modules/cjs/loader:1310:10)
Node.js v18.17.0
PS C:\Users\win\Desktop\projects\node js learning> no[ 'hjhjh', 'hh' ]
PS C:\Users\win\Desktop\projects\node js learning> no[ 'hjhjh', 'hh' ] 25
PS C:\Users\win\Desktop\projects\node js learning> no[ 'hjhjh', 'hh' ] 25
PS C:\Users\win\Desktop\projects\node js learning> no[Function: toString]
PS C:\Users\win\Desktop\projects\node js learning> noqhsdgujgduzed
PS C:\Users\win\Desktop\projects\node js learning> nowritten
PS C:\Users\win\Desktop\projects\node js learning> node files
done
PS C:\Users\win\Desktop\projects\node js learning> node files
done
PS C:\Users\win\Desktop\projects\node js learning> node files
done delete
PS C:\Users\win\Desktop\projects\node js learning> node files
done
PS C:\Users\win\Desktop\projects\node js learning> node files
done delete
PS C:\Users\win\Desktop\projects\node js learning>

cjs/loader:1310:10)
    at Module.load (node:internal/modules/cjs/loader:1119:32)
:960:12)
    at Module.require (node:internal/modules/cjs/loader:1143:19)
    at require (node:internal/modules/cjs/helpers:110:18)
    at Object.<anonymous> (C:\Users\win\Desktop\projects\node js learning\coll2.js:1:11)
    at Module._compile (node:internal/modules/cjs/loader:1256:14)
    at Module._extensions..js (node:internal/modules/cjs/loader:1310:10)

Node.js v18.17.0
PS C:\Users\win\Desktop\projects\node js learning> node coll2
C:\Users\win\Desktop\projects\node js learning\coll1.js:3
    ppl,ages
        ^

ReferenceError: ages is not defined
    at Object.<anonymous> (C:\Users\win\Desktop\projects\node js learning\coll1.js:3:9)
    at Module._compile (node:internal/modules/cjs/loader:1256:14)
    at Module._extensions..js (node:internal/modules/cjs/loader:1310:10)
    at Module.load (node:internal/modules/cjs/loader:1119:32)
:960:12)
    at Module.require (node:internal/modules/cjs/load    at require (node:internal/modules/cjs/helpers:110:18)
cts\node js learning\coll2.js:1:11)
    at Module._compile (node:internal/modules/cjs/loa    at Module._extensions..js (node:internal/modules/cjs/loader:1310:10)
Node.js v18.17.0
PS C:\Users\win\Desktop\projects\node js learning> no[ 'hjhjh', 'hh' ]
PS C:\Users\win\Desktop\projects\node js learning> no[ 'hjhjh', 'hh' ] 25
PS C:\Users\win\Desktop\projects\node js learning> no[ 'hjhjh', 'hh' ] 25
PS C:\Users\win\Desktop\projects\node js learning> no[Function: toString]
PS C:\Users\win\Desktop\projects\node js learning> noqhsdgujgduzed
PS C:\Users\win\Desktop\projects\node js learning> nowritten
PS C:\Users\win\Desktop\projects\node js learning> node files
done
PS C:\Users\win\Desktop\projects\node js learning> node files
done
PS C:\Users\win\Desktop\projects\node js learning> node files
done delete
PS C:\Users\win\Desktop\projects\node js learning> node files
done
PS C:\Users\win\Desktop\projects\node js learning> node files
done delete
PS C:\Users\win\Desktop\projects\node js learning>

cjs/loader:1310:10)
    at Module.load (node:internal/modules/cjs/loader:1119:32)
:960:12)
    at Module.require (node:internal/modules/cjs/loader:1143:19)
    at require (node:internal/modules/cjs/helpers:110:18)
    at Object.<anonymous> (C:\Users\win\Desktop\projects\node js learning\coll2.js:1:11)
    at Module._compile (node:internal/modules/cjs/loader:1256:14)
    at Module._extensions..js (node:internal/modules/cjs/loader:1310:10)

Node.js v18.17.0
PS C:\Users\win\Desktop\projects\node js learning> node coll2
C:\Users\win\Desktop\projects\node js learning\coll1.js:3
    ppl,ages
        ^

ReferenceError: ages is not defined
    at Object.<anonymous> (C:\Users\win\Desktop\projects\node js learning\coll1.js:3:9)
    at Module._compile (node:internal/modules/cjs/loader:1256:14)
    at Module._extensions..js (node:internal/modules/cjs/loader:1310:10)
    at Module.load (node:internal/modules/cjs/loader:1119:32)
:960:12)
    at Module.require (node:internal/modules/cjs/load    at require (node:internal/modules/cjs/helpers:110:18)
cts\node js learning\coll2.js:1:11)
    at Module._compile (node:internal/modules/cjs/loa    at Module._extensions..js (node:internal/modules/cjs/loader:1310:10)
Node.js v18.17.0
PS C:\Users\win\Desktop\projects\node js learning> no[ 'hjhjh', 'hh' ]
PS C:\Users\win\Desktop\projects\node js learning> no[ 'hjhjh', 'hh' ] 25
PS C:\Users\win\Desktop\projects\node js learning> no[ 'hjhjh', 'hh' ] 25
PS C:\Users\win\Desktop\projects\node js learning> no[Function: toString]
PS C:\Users\win\Desktop\projects\node js learning> noqhsdgujgduzed
PS C:\Users\win\Desktop\projects\node js learning> nowritten
PS C:\Users\win\Desktop\projects\node js learning> node files
done
PS C:\Users\win\Desktop\projects\node js learning> node files
done
PS C:\Users\win\Desktop\projects\node js learning> node files
done delete
PS C:\Users\win\Desktop\projects\node js learning> node files
done
PS C:\Users\win\Desktop\projects\node js learning> node files
done delete
PS C:\Users\win\Desktop\projects\node js learning>

cjs/loader:1310:10)
    at Module.load (node:internal/modules/cjs/loader:1119:32)
:960:12)
    at Module.require (node:internal/modules/cjs/loader:1143:19)
    at require (node:internal/modules/cjs/helpers:110:18)
    at Object.<anonymous> (C:\Users\win\Desktop\projects\node js learning\coll2.js:1:11)
    at Module._compile (node:internal/modules/cjs/loader:1256:14)
    at Module._extensions..js (node:internal/modules/cjs/loader:1310:10)

Node.js v18.17.0
PS C:\Users\win\Desktop\projects\node js learning> node coll2
C:\Users\win\Desktop\projects\node js learning\coll1.js:3
    ppl,ages
        ^

ReferenceError: ages is not defined
    at Object.<anonymous> (C:\Users\win\Desktop\projects\node js learning\coll1.js:3:9)
    at Module._compile (node:internal/modules/cjs/loader:1256:14)
    at Module._extensions..js (node:internal/modules/cjs/loader:1310:10)
    at Module.load (node:internal/modules/cjs/loader:1119:32)
:960:12)
    at Module.require (node:internal/modules/cjs/load    at require (node:internal/modules/cjs/helpers:110:18)
cts\node js learning\coll2.js:1:11)
    at Module._compile (node:internal/modules/cjs/loa    at Module._extensions..js (node:internal/modules/cjs/loader:1310:10)
Node.js v18.17.0
PS C:\Users\win\Desktop\projects\node js learning> no[ 'hjhjh', 'hh' ]
PS C:\Users\win\Desktop\projects\node js learning> no[ 'hjhjh', 'hh' ] 25
PS C:\Users\win\Desktop\projects\node js learning> no[ 'hjhjh', 'hh' ] 25
PS C:\Users\win\Desktop\projects\node js learning> no[Function: toString]
PS C:\Users\win\Desktop\projects\node js learning> noqhsdgujgduzed
PS C:\Users\win\Desktop\projects\node js learning> nowritten
PS C:\Users\win\Desktop\projects\node js learning> node files
done
PS C:\Users\win\Desktop\projects\node js learning> node files
done
PS C:\Users\win\Desktop\projects\node js learning> node files
done delete
PS C:\Users\win\Desktop\projects\node js learning> node files
done
PS C:\Users\win\Desktop\projects\node js learning> node files
done delete
PS C:\Users\win\Desktop\projects\node js learning>

cjs/loader:1310:10)
    at Module.load (node:internal/modules/cjs/loader:1119:32)
:960:12)
    at Module.require (node:internal/modules/cjs/loader:1143:19)
    at require (node:internal/modules/cjs/helpers:110:18)
    at Object.<anonymous> (C:\Users\win\Desktop\projects\node js learning\coll2.js:1:11)
    at Module._compile (node:internal/modules/cjs/loader:1256:14)
    at Module._extensions..js (node:internal/modules/cjs/loader:1310:10)

Node.js v18.17.0
PS C:\Users\win\Desktop\projects\node js learning> node coll2
C:\Users\win\Desktop\projects\node js learning\coll1.js:3
    ppl,ages
        ^

ReferenceError: ages is not defined
    at Object.<anonymous> (C:\Users\win\Desktop\projects\node js learning\coll1.js:3:9)
    at Module._compile (node:internal/modules/cjs/loader:1256:14)
    at Module._extensions..js (node:internal/modules/cjs/loader:1310:10)
    at Module.load (node:internal/modules/cjs/loader:1119:32)
:960:12)
    at Module.require (node:internal/modules/cjs/load    at require (node:internal/modules/cjs/helpers:110:18)
cts\node js learning\coll2.js:1:11)
    at Module._compile (node:internal/modules/cjs/loa    at Module._extensions..js (node:internal/modules/cjs/loader:1310:10)
Node.js v18.17.0
PS C:\Users\win\Desktop\projects\node js learning> no[ 'hjhjh', 'hh' ]
PS C:\Users\win\Desktop\projects\node js learning> no[ 'hjhjh', 'hh' ] 25
PS C:\Users\win\Desktop\projects\node js learning> no[ 'hjhjh', 'hh' ] 25
PS C:\Users\win\Desktop\projects\node js learning> no[Function: toString]
PS C:\Users\win\Desktop\projects\node js learning> noqhsdgujgduzed
PS C:\Users\win\Desktop\projects\node js learning> nowritten
PS C:\Users\win\Desktop\projects\node js learning> node files
done
PS C:\Users\win\Desktop\projects\node js learning> node files
done
PS C:\Users\win\Desktop\projects\node js learning> node files
done delete
PS C:\Users\win\Desktop\projects\node js learning> node files
done
PS C:\Users\win\Desktop\projects\node js learning> node files
done delete
PS C:\Users\win\Desktop\projects\node js learning>

cjs/loader:1310:10)
    at Module.load (node:internal/modules/cjs/loader:1119:32)
:960:12)
    at Module.require (node:internal/modules/cjs/loader:1143:19)
    at require (node:internal/modules/cjs/helpers:110:18)
    at Object.<anonymous> (C:\Users\win\Desktop\projects\node js learning\coll2.js:1:11)
    at Module._compile (node:internal/modules/cjs/loader:1256:14)
    at Module._extensions..js (node:internal/modules/cjs/loader:1310:10)

Node.js v18.17.0
PS C:\Users\win\Desktop\projects\node js learning> node coll2
C:\Users\win\Desktop\projects\node js learning\coll1.js:3
    ppl,ages
        ^

ReferenceError: ages is not defined
    at Object.<anonymous> (C:\Users\win\Desktop\projects\node js learning\coll1.js:3:9)
    at Module._compile (node:internal/modules/cjs/loader:1256:14)
    at Module._extensions..js (node:internal/modules/cjs/loader:1310:10)
    at Module.load (node:internal/modules/cjs/loader:1119:32)
:960:12)
    at Module.require (node:internal/modules/cjs/load    at require (node:internal/modules/cjs/helpers:110:18)
cts\node js learning\coll2.js:1:11)
    at Module._compile (node:internal/modules/cjs/loa    at Module._extensions..js (node:internal/modules/cjs/loader:1310:10)
Node.js v18.17.0
PS C:\Users\win\Desktop\projects\node js learning> no[ 'hjhjh', 'hh' ]
PS C:\Users\win\Desktop\projects\node js learning> no[ 'hjhjh', 'hh' ] 25
PS C:\Users\win\Desktop\projects\node js learning> no[ 'hjhjh', 'hh' ] 25
PS C:\Users\win\Desktop\projects\node js learning> no[Function: toString]
PS C:\Users\win\Desktop\projects\node js learning> noqhsdgujgduzed
PS C:\Users\win\Desktop\projects\node js learning> nowritten
PS C:\Users\win\Desktop\projects\node js learning> node files
done
PS C:\Users\win\Desktop\projects\node js learning> node files
done
PS C:\Users\win\Desktop\projects\node js learning> node files
done delete
PS C:\Users\win\Desktop\projects\node js learning> node files
done
PS C:\Users\win\Desktop\projects\node js learning> node files
done delete
PS C:\Users\win\Desktop\projects\node js learning>

cjs/loader:1310:10)
    at Module.load (node:internal/modules/cjs/loader:1119:32)
:960:12)
    at Module.require (node:internal/modules/cjs/loader:1143:19)
    at require (node:internal/modules/cjs/helpers:110:18)
    at Object.<anonymous> (C:\Users\win\Desktop\projects\node js learning\coll2.js:1:11)
    at Module._compile (node:internal/modules/cjs/loader:1256:14)
    at Module._extensions..js (node:internal/modules/cjs/loader:1310:10)

Node.js v18.17.0
PS C:\Users\win\Desktop\projects\node js learning> node coll2
C:\Users\win\Desktop\projects\node js learning\coll1.js:3
    ppl,ages
        ^

ReferenceError: ages is not defined
    at Object.<anonymous> (C:\Users\win\Desktop\projects\node js learning\coll1.js:3:9)
    at Module._compile (node:internal/modules/cjs/loader:1256:14)
    at Module._extensions..js (node:internal/modules/cjs/loader:1310:10)
    at Module.load (node:internal/modules/cjs/loader:1119:32)
:960:12)
    at Module.require (node:internal/modules/cjs/load    at require (node:internal/modules/cjs/helpers:110:18)
cts\node js learning\coll2.js:1:11)
    at Module._compile (node:internal/modules/cjs/loa    at Module._extensions..js (node:internal/modules/cjs/loader:1310:10)
Node.js v18.17.0
PS C:\Users\win\Desktop\projects\node js learning> no[ 'hjhjh', 'hh' ]
PS C:\Users\win\Desktop\projects\node js learning> no[ 'hjhjh', 'hh' ] 25
PS C:\Users\win\Desktop\projects\node js learning> no[ 'hjhjh', 'hh' ] 25
PS C:\Users\win\Desktop\projects\node js learning> no[Function: toString]
PS C:\Users\win\Desktop\projects\node js learning> noqhsdgujgduzed
PS C:\Users\win\Desktop\projects\node js learning> nowritten
PS C:\Users\win\Desktop\projects\node js learning> node files
done
PS C:\Users\win\Desktop\projects\node js learning> node files
done
PS C:\Users\win\Desktop\projects\node js learning> node files
done delete
PS C:\Users\win\Desktop\projects\node js learning> node files
done
PS C:\Users\win\Desktop\projects\node js learning> node files
done delete
PS C:\Users\win\Desktop\projects\node js learning>

cjs/loader:1310:10)
    at Module.load (node:internal/modules/cjs/loader:1119:32)
:960:12)
    at Module.require (node:internal/modules/cjs/loader:1143:19)
    at require (node:internal/modules/cjs/helpers:110:18)
    at Object.<anonymous> (C:\Users\win\Desktop\projects\node js learning\coll2.js:1:11)
    at Module._compile (node:internal/modules/cjs/loader:1256:14)
    at Module._extensions..js (node:internal/modules/cjs/loader:1310:10)

Node.js v18.17.0
PS C:\Users\win\Desktop\projects\node js learning> node coll2
C:\Users\win\Desktop\projects\node js learning\coll1.js:3
    ppl,ages
        ^

ReferenceError: ages is not defined
    at Object.<anonymous> (C:\Users\win\Desktop\projects\node js learning\coll1.js:3:9)
    at Module._compile (node:internal/modules/cjs/loader:1256:14)
    at Module._extensions..js (node:internal/modules/cjs/loader:1310:10)
    at Module.load (node:internal/modules/cjs/loader:1119:32)
:960:12)
    at Module.require (node:internal/modules/cjs/load    at require (node:internal/modules/cjs/helpers:110:18)
cts\node js learning\coll2.js:1:11)
    at Module._compile (node:internal/modules/cjs/loa    at Module._extensions..js (node:internal/modules/cjs/loader:1310:10)
Node.js v18.17.0
PS C:\Users\win\Desktop\projects\node js learning> no[ 'hjhjh', 'hh' ]
PS C:\Users\win\Desktop\projects\node js learning> no[ 'hjhjh', 'hh' ] 25
PS C:\Users\win\Desktop\projects\node js learning> no[ 'hjhjh', 'hh' ] 25
PS C:\Users\win\Desktop\projects\node js learning> no[Function: toString]
PS C:\Users\win\Desktop\projects\node js learning> noqhsdgujgduzed
PS C:\Users\win\Desktop\projects\node js learning> nowritten
PS C:\Users\win\Desktop\projects\node js learning> node files
done
PS C:\Users\win\Desktop\projects\node js learning> node files
done
PS C:\Users\win\Desktop\projects\node js learning> node files
done delete
PS C:\Users\win\Desktop\projects\node js learning> node files
done
PS C:\Users\win\Desktop\projects\node js learning> node files
done delete
PS C:\Users\win\Desktop\projects\node js learning>

cjs/loader:1310:10)
    at Module.load (node:internal/modules/cjs/loader:1119:32)
:960:12)
    at Module.require (node:internal/modules/cjs/loader:1143:19)
    at require (node:internal/modules/cjs/helpers:110:18)
    at Object.<anonymous> (C:\Users\win\Desktop\projects\node js learning\coll2.js:1:11)
    at Module._compile (node:internal/modules/cjs/loader:1256:14)
    at Module._extensions..js (node:internal/modules/cjs/loader:1310:10)

Node.js v18.17.0
PS C:\Users\win\Desktop\projects\node js learning> node coll2
C:\Users\win\Desktop\projects\node js learning\coll1.js:3
    ppl,ages
        ^

ReferenceError: ages is not defined
    at Object.<anonymous> (C:\Users\win\Desktop\projects\node js learning\coll1.js:3:9)
    at Module._compile (node:internal/modules/cjs/loader:1256:14)
    at Module._extensions..js (node:internal/modules/cjs/loader:1310:10)
    at Module.load (node:internal/modules/cjs/loader:1119:32)
:960:12)
    at Module.require (node:internal/modules/cjs/load    at require (node:internal/modules/cjs/helpers:110:18)
cts\node js learning\coll2.js:1:11)
    at Module._compile (node:internal/modules/cjs/loa    at Module._extensions..js (node:internal/modules/cjs/loader:1310:10)
Node.js v18.17.0
PS C:\Users\win\Desktop\projects\node js learning> no[ 'hjhjh', 'hh' ]
PS C:\Users\win\Desktop\projects\node js learning> no[ 'hjhjh', 'hh' ] 25
PS C:\Users\win\Desktop\projects\node js learning> no[ 'hjhjh', 'hh' ] 25
PS C:\Users\win\Desktop\projects\node js learning> no[Function: toString]
PS C:\Users\win\Desktop\projects\node js learning> noqhsdgujgduzed
PS C:\Users\win\Desktop\projects\node js learning> nowritten
PS C:\Users\win\Desktop\projects\node js learning> node files
done
PS C:\Users\win\Desktop\projects\node js learning> node files
done
PS C:\Users\win\Desktop\projects\node js learning> node files
done delete
PS C:\Users\win\Desktop\projects\node js learning> node files
done
PS C:\Users\win\Desktop\projects\node js learning> node files
done delete
PS C:\Users\win\Desktop\projects\node js learning>

cjs/loader:1310:10)
    at Module.load (node:internal/modules/cjs/loader:1119:32)
:960:12)
    at Module.require (node:internal/modules/cjs/loader:1143:19)
    at require (node:internal/modules/cjs/helpers:110:18)
    at Object.<anonymous> (C:\Users\win\Desktop\projects\node js learning\coll2.js:1:11)
    at Module._compile (node:internal/modules/cjs/loader:1256:14)
    at Module._extensions..js (node:internal/modules/cjs/loader:1310:10)

Node.js v18.17.0
PS C:\Users\win\Desktop\projects\node js learning> node coll2
C:\Users\win\Desktop\projects\node js learning\coll1.js:3
    ppl,ages
        ^

ReferenceError: ages is not defined
    at Object.<anonymous> (C:\Users\win\Desktop\projects\node js learning\coll1.js:3:9)
    at Module._compile (node:internal/modules/cjs/loader:1256:14)
    at Module._extensions..js (node:internal/modules/cjs/loader:1310:10)
    at Module.load (node:internal/modules/cjs/loader:1119:32)
:960:12)
    at Module.require (node:internal/modules/cjs/load    at require (node:internal/modules/cjs/helpers:110:18)
cts\node js learning\coll2.js:1:11)
    at Module._compile (node:internal/modules/cjs/loa    at Module._extensions..js (node:internal/modules/cjs/loader:1310:10)
Node.js v18.17.0
PS C:\Users\win\Desktop\projects\node js learning> no[ 'hjhjh', 'hh' ]
PS C:\Users\win\Desktop\projects\node js learning> no[ 'hjhjh', 'hh' ] 25
PS C:\Users\win\Desktop\projects\node js learning> no[ 'hjhjh', 'hh' ] 25
PS C:\Users\win\Desktop\projects\node js learning> no[Function: toString]
PS C:\Users\win\Desktop\projects\node js learning> noqhsdgujgduzed
PS C:\Users\win\Desktop\projects\node js learning> nowritten
PS C:\Users\win\Desktop\projects\node js learning> node files
done
PS C:\Users\win\Desktop\projects\node js learning> node files
done
PS C:\Users\win\Desktop\projects\node js learning> node files
done delete
PS C:\Users\win\Desktop\projects\node js learning> node files
done
PS C:\Users\win\Desktop\projects\node js learning> node files
done delete
PS C:\Users\win\Desktop\projects\node js learning>

cjs/loader:1310:10)
    at Module.load (node:internal/modules/cjs/loader:1119:32)
:960:12)
    at Module.require (node:internal/modules/cjs/loader:1143:19)
    at require (node:internal/modules/cjs/helpers:110:18)
    at Object.<anonymous> (C:\Users\win\Desktop\projects\node js learning\coll2.js:1:11)
    at Module._compile (node:internal/modules/cjs/loader:1256:14)
    at Module._extensions..js (node:internal/modules/cjs/loader:1310:10)

Node.js v18.17.0
PS C:\Users\win\Desktop\projects\node js learning> node coll2
C:\Users\win\Desktop\projects\node js learning\coll1.js:3
    ppl,ages
        ^

ReferenceError: ages is not defined
    at Object.<anonymous> (C:\Users\win\Desktop\projects\node js learning\coll1.js:3:9)
    at Module._compile (node:internal/modules/cjs/loader:1256:14)
    at Module._extensions..js (node:internal/modules/cjs/loader:1310:10)
    at Module.load (node:internal/modules/cjs/loader:1119:32)
:960:12)
    at Module.require (node:internal/modules/cjs/load    at require (node:internal/modules/cjs/helpers:110:18)
cts\node js learning\coll2.js:1:11)
    at Module._compile (node:internal/modules/cjs/loa    at Module._extensions..js (node:internal/modules/cjs/loader:1310:10)
Node.js v18.17.0
PS C:\Users\win\Desktop\projects\node js learning> no[ 'hjhjh', 'hh' ]
PS C:\Users\win\Desktop\projects\node js learning> no[ 'hjhjh', 'hh' ] 25
PS C:\Users\win\Desktop\projects\node js learning> no[ 'hjhjh', 'hh' ] 25
PS C:\Users\win\Desktop\projects\node js learning> no[Function: toString]
PS C:\Users\win\Desktop\projects\node js learning> noqhsdgujgduzed
PS C:\Users\win\Desktop\projects\node js learning> nowritten
PS C:\Users\win\Desktop\projects\node js learning> node files
done
PS C:\Users\win\Desktop\projects\node js learning> node files
done
PS C:\Users\win\Desktop\projects\node js learning> node files
done delete
PS C:\Users\win\Desktop\projects\node js learning> node files
done
PS C:\Users\win\Desktop\projects\node js learning> node files
done delete
PS C:\Users\win\Desktop\projects\node js learning>

cjs/loader:1310:10)
    at Module.load (node:internal/modules/cjs/loader:1119:32)
:960:12)
    at Module.require (node:internal/modules/cjs/loader:1143:19)
    at require (node:internal/modules/cjs/helpers:110:18)
    at Object.<anonymous> (C:\Users\win\Desktop\projects\node js learning\coll2.js:1:11)
    at Module._compile (node:internal/modules/cjs/loader:1256:14)
    at Module._extensions..js (node:internal/modules/cjs/loader:1310:10)

Node.js v18.17.0
PS C:\Users\win\Desktop\projects\node js learning> node coll2
C:\Users\win\Desktop\projects\node js learning\coll1.js:3
    ppl,ages
        ^

ReferenceError: ages is not defined
    at Object.<anonymous> (C:\Users\win\Desktop\projects\node js learning\coll1.js:3:9)
    at Module._compile (node:internal/modules/cjs/loader:1256:14)
    at Module._extensions..js (node:internal/modules/cjs/loader:1310:10)
    at Module.load (node:internal/modules/cjs/loader:1119:32)
:960:12)
    at Module.require (node:internal/modules/cjs/load    at require (node:internal/modules/cjs/helpers:110:18)
cts\node js learning\coll2.js:1:11)
    at Module._compile (node:internal/modules/cjs/loa    at Module._extensions..js (node:internal/modules/cjs/loader:1310:10)
Node.js v18.17.0
PS C:\Users\win\Desktop\projects\node js learning> no[ 'hjhjh', 'hh' ]
PS C:\Users\win\Desktop\projects\node js learning> no[ 'hjhjh', 'hh' ] 25
PS C:\Users\win\Desktop\projects\node js learning> no[ 'hjhjh', 'hh' ] 25
PS C:\Users\win\Desktop\projects\node js learning> no[Function: toString]
PS C:\Users\win\Desktop\projects\node js learning> noqhsdgujgduzed
PS C:\Users\win\Desktop\projects\node js learning> nowritten
PS C:\Users\win\Desktop\projects\node js learning> node files
done
PS C:\Users\win\Desktop\projects\node js learning> node files
done
PS C:\Users\win\Desktop\projects\node js learning> node files
done delete
PS C:\Users\win\Desktop\projects\node js learning> node files
done
PS C:\Users\win\Desktop\projects\node js learning> node files
done delete
PS C:\Users\win\Desktop\projects\node js learning>

cjs/loader:1310:10)
    at Module.load (node:internal/modules/cjs/loader:1119:32)
:960:12)
    at Module.require (node:internal/modules/cjs/loader:1143:19)
    at require (node:internal/modules/cjs/helpers:110:18)
    at Object.<anonymous> (C:\Users\win\Desktop\projects\node js learning\coll2.js:1:11)
    at Module._compile (node:internal/modules/cjs/loader:1256:14)
    at Module._extensions..js (node:internal/modules/cjs/loader:1310:10)

Node.js v18.17.0
PS C:\Users\win\Desktop\projects\node js learning> node coll2
C:\Users\win\Desktop\projects\node js learning\coll1.js:3
    ppl,ages
        ^

ReferenceError: ages is not defined
    at Object.<anonymous> (C:\Users\win\Desktop\projects\node js learning\coll1.js:3:9)
    at Module._compile (node:internal/modules/cjs/loader:1256:14)
    at Module._extensions..js (node:internal/modules/cjs/loader:1310:10)
    at Module.load (node:internal/modules/cjs/loader:1119:32)
:960:12)
    at Module.require (node:internal/modules/cjs/load    at require (node:internal/modules/cjs/helpers:110:18)
cts\node js learning\coll2.js:1:11)
    at Module._compile (node:internal/modules/cjs/loa    at Module._extensions..js (node:internal/modules/cjs/loader:1310:10)
Node.js v18.17.0
PS C:\Users\win\Desktop\projects\node js learning> no[ 'hjhjh', 'hh' ]
PS C:\Users\win\Desktop\projects\node js learning> no[ 'hjhjh', 'hh' ] 25
PS C:\Users\win\Desktop\projects\node js learning> no[ 'hjhjh', 'hh' ] 25
PS C:\Users\win\Desktop\projects\node js learning> no[Function: toString]
PS C:\Users\win\Desktop\projects\node js learning> noqhsdgujgduzed
PS C:\Users\win\Desktop\projects\node js learning> nowritten
PS C:\Users\win\Desktop\projects\node js learning> node files
done
PS C:\Users\win\Desktop\projects\node js learning> node files
done
PS C:\Users\win\Desktop\projects\node js learning> node files
done delete
PS C:\Users\win\Desktop\projects\node js learning> node files
done
PS C:\Users\win\Desktop\projects\node js learning> node files
done delete
PS C:\Users\win\Desktop\projects\node js learning>

cjs/loader:1310:10)
    at Module.load (node:internal/modules/cjs/loader:1119:32)
:960:12)
    at Module.require (node:internal/modules/cjs/loader:1143:19)
    at require (node:internal/modules/cjs/helpers:110:18)
    at Object.<anonymous> (C:\Users\win\Desktop\projects\node js learning\coll2.js:1:11)
    at Module._compile (node:internal/modules/cjs/loader:1256:14)
    at Module._extensions..js (node:internal/modules/cjs/loader:1310:10)

Node.js v18.17.0
PS C:\Users\win\Desktop\projects\node js learning> node coll2
C:\Users\win\Desktop\projects\node js learning\coll1.js:3
    ppl,ages
        ^

ReferenceError: ages is not defined
    at Object.<anonymous> (C:\Users\win\Desktop\projects\node js learning\coll1.js:3:9)
    at Module._compile (node:internal/modules/cjs/loader:1256:14)
    at Module._extensions..js (node:internal/modules/cjs/loader:1310:10)
    at Module.load (node:internal/modules/cjs/loader:1119:32)
:960:12)
    at Module.require (node:internal/modules/cjs/load    at require (node:internal/modules/cjs/helpers:110:18)
cts\node js learning\coll2.js:1:11)
    at Module._compile (node:internal/modules/cjs/loa    at Module._extensions..js (node:internal/modules/cjs/loader:1310:10)
Node.js v18.17.0
PS C:\Users\win\Desktop\projects\node js learning> no[ 'hjhjh', 'hh' ]
PS C:\Users\win\Desktop\projects\node js learning> no[ 'hjhjh', 'hh' ] 25
PS C:\Users\win\Desktop\projects\node js learning> no[ 'hjhjh', 'hh' ] 25
PS C:\Users\win\Desktop\projects\node js learning> no[Function: toString]
PS C:\Users\win\Desktop\projects\node js learning> noqhsdgujgduzed
PS C:\Users\win\Desktop\projects\node js learning> nowritten
PS C:\Users\win\Desktop\projects\node js learning> node files
done
PS C:\Users\win\Desktop\projects\node js learning> node files
done
PS C:\Users\win\Desktop\projects\node js learning> node files
done delete
PS C:\Users\win\Desktop\projects\node js learning> node files
done
PS C:\Users\win\Desktop\projects\node js learning> node files
done delete
PS C:\Users\win\Desktop\projects\node js learning>

